// Jest Snapshot v1, https://goo.gl/fbAQLP

exports[`should render expense count  1`] = `
<div>
  <p>
     -- 
  </p>
  <p>
     Expense count: 
    3
      
  </p>
  <p>
     Total sum: 
    $1,141.98
      
  </p>
</div>
`;

exports[`should render expense sum 1`] = `
<div>
  <p>
     -- 
  </p>
  <p>
     Expense count: 
    3
      
  </p>
  <p>
     Total sum: 
    $1,141.98
      
  </p>
</div>
`;
